------------------------------------------------------------
TimeQuest Timing Analyzer Summary
------------------------------------------------------------

Type  : Setup 'clk50M'
Slack : -8.119
TNS   : -1088.281

Type  : Setup 'clk25M'
Slack : 13.170
TNS   : 0.000

Type  : Setup 'clk10K'
Slack : 13.254
TNS   : 0.000

Type  : Setup 'altera_reserved_tck'
Slack : 41.473
TNS   : 0.000

Type  : Hold 'clk50M'
Slack : 0.399
TNS   : 0.000

Type  : Hold 'altera_reserved_tck'
Slack : 0.452
TNS   : 0.000

Type  : Hold 'clk10K'
Slack : 0.453
TNS   : 0.000

Type  : Hold 'clk25M'
Slack : 0.453
TNS   : 0.000

Type  : Recovery 'altera_reserved_tck'
Slack : 48.284
TNS   : 0.000

Type  : Removal 'altera_reserved_tck'
Slack : 1.594
TNS   : 0.000

Type  : Minimum Pulse Width 'clk50M'
Slack : 0.335
TNS   : 0.000

Type  : Minimum Pulse Width 'clk25M'
Slack : 19.749
TNS   : 0.000

Type  : Minimum Pulse Width 'altera_reserved_tck'
Slack : 49.384
TNS   : 0.000

Type  : Minimum Pulse Width 'clk10K'
Slack : 49999.728
TNS   : 0.000

------------------------------------------------------------
